{
"pc": 1,
"status": 0,
"accA": 102,
"accB": -1,
"xReg": -1,
"pcStackP": -1,
"xStackP": -1
}
