{
"pc": 5,
"status": -1,
"accA": -1,
"accB": -1,
"xReg": -1,
"pcStackP": -1,
"xStackP": -1
}
